******************************************************************************
                  TI ARM Linker Unix v20.2.7                   
******************************************************************************
>> Linked Sun Jun  4 19:09:50 2023

OUTPUT FILE NAME:   <Blinky.out>
ENTRY POINT SYMBOL: "_c_int00_noargs"  address: 0000253d


MEMORY CONFIGURATION

         name            origin    length      used     unused   attr    fill
----------------------  --------  ---------  --------  --------  ----  --------
  MAIN                  00000000   00040000  00002791  0003d86f  R  X
  INFO                  00200000   00004000  00000000  00004000  R  X
  SRAM_CODE             01000000   00010000  00000208  0000fdf8  RW X
  SRAM_DATA             20000000   00010000  00000208  0000fdf8  RW  


SEGMENT ALLOCATION MAP

run origin  load origin   length   init length attrs members
----------  ----------- ---------- ----------- ----- -------
00000000    00000000    00002794   00002794    r-x
  00000000    00000000    000000e4   000000e4    r-- .intvecs
  000000e4    000000e4    00002590   00002590    r-x .text
  00002674    00002674    00000101   00000101    r-- .const
  00002778    00002778    0000001c   0000001c    r-- .cinit
20000000    20000000    00000008   00000000    rw-
  20000000    20000000    00000008   00000000    rw- .data
2000fe00    2000fe00    00000200   00000000    rw-
  2000fe00    2000fe00    00000200   00000000    rw- .stack


SECTION ALLOCATION MAP

 output                                  attributes/
section   page    origin      length       input sections
--------  ----  ----------  ----------   ----------------
.intvecs   0    00000000    000000e4     
                  00000000    000000e4     startup_msp432p401r_ccs.obj (.intvecs:retain)

.text      0    000000e4    00002590     
                  000000e4    00000a4e     rtsv7M4_T_le_v4SPD16_eabi.lib : _printfi.c.obj (.text:__TI_printfi)
                  00000b32    00000002                                   : div0.asm.obj (.text)
                  00000b34    00000334     system_msp432p401r.obj (.text)
                  00000e68    00000270     rtsv7M4_T_le_v4SPD16_eabi.lib : _printfi.c.obj (.text:_pconv_a)
                  000010d8    00000258     lcd.obj (.text)
                  00001330    000001d0     rtsv7M4_T_le_v4SPD16_eabi.lib : _printfi.c.obj (.text:_pconv_g)
                  00001500    000001b6                                   : fd_add_t2.asm.obj (.text)
                  000016b6    00000002     --HOLE-- [fill = 0]
                  000016b8    0000013c                                   : _printfi.c.obj (.text:_pconv_e)
                  000017f4    00000136                                   : fd_div_t2.asm.obj (.text)
                  0000192a    00000002     --HOLE-- [fill = 0]
                  0000192c    00000124                                   : _printfi.c.obj (.text:fcvt)
                  00001a50    00000110                                   : s_scalbn.c.obj (.text:scalbn)
                  00001b60    000000fc     interrupts.obj (.text)
                  00001c5c    000000fc     rtsv7M4_T_le_v4SPD16_eabi.lib : fd_mul_t2.asm.obj (.text)
                  00001d58    000000ec     timers.obj (.text)
                  00001e44    000000b1     rtsv7M4_T_le_v4SPD16_eabi.lib : _printfi.c.obj (.text:_ltostr)
                  00001ef5    00000001     --HOLE-- [fill = 0]
                  00001ef6    0000009c                                   : memcpy_t2.asm.obj (.text)
                  00001f92    00000096                                   : ull_div_t2.asm.obj (.text)
                  00002028    00000086                                   : fd_cmp_t2.asm.obj (.text:__aeabi_cdcmple)
                  000020ae    00000086                                   : fd_cmp_t2.asm.obj (.text:__aeabi_cdrcmple)
                  00002134    0000007a                                   : memset_t2.asm.obj (.text)
                  000021ae    0000006e                                   : _printfi.c.obj (.text:_mcpy)
                  0000221c    00000068                                   : copy_decompress_lzss.c.obj (.text:decompress:lzss:__TI_decompress_lzss)
                  00002284    00000064                                   : s_frexp.c.obj (.text:frexp)
                  000022e8    00000056                                   : _printfi.c.obj (.text:_pconv_f)
                  0000233e    00000054                                   : _ltoa.c.obj (.text:__TI_ltoa)
                  00002392    00000052                                   : _printfi.c.obj (.text:_ecpy)
                  000023e4    0000004c                                   : atoi.c.obj (.text:atoi)
                  00002430    00000048                                   : fd_toi_t2.asm.obj (.text)
                  00002478    00000044                                   : autoinit.c.obj (.text:__TI_auto_init_nobinit_nopinit:__TI_auto_init_nobinit_nopinit)
                  000024bc    00000040                                   : sprintf.c.obj (.text:sprintf)
                  000024fc    0000003e                                   : _printfi.c.obj (.text:_fcpy)
                  0000253a    00000002     --HOLE-- [fill = 0]
                  0000253c    00000034                                   : boot_cortex_m.c.obj (.text:_c_int00_noargs:_c_int00_noargs)
                  00002570    0000002e                                   : i_tofd_t2.asm.obj (.text)
                  0000259e    0000001c                                   : memccpy.c.obj (.text:memccpy)
                  000025ba    0000001a                                   : s_copysign.c.obj (.text:copysign)
                  000025d4    00000018                                   : sprintf.c.obj (.text:_outs)
                  000025ec    00000016                                   : strchr.c.obj (.text:strchr)
                  00002602    00000002     --HOLE-- [fill = 0]
                  00002604    00000014     main.obj (.text)
                  00002618    00000014     rtsv7M4_T_le_v4SPD16_eabi.lib : strlen.c.obj (.text:strlen)
                  0000262c    00000012                                   : wcslen.c.obj (.text:wcslen)
                  0000263e    0000000e                                   : copy_decompress_none.c.obj (.text:decompress:none:__TI_decompress_none)
                  0000264c    0000000e     startup_msp432p401r_ccs.obj (.text)
                  0000265a    0000000a     rtsv7M4_T_le_v4SPD16_eabi.lib : sprintf.c.obj (.text:_outc)
                  00002664    00000008                                   : errno.c.obj (.text:__aeabi_errno_addr)
                  0000266c    00000004                                   : pre_init.c.obj (.text:_system_pre_init)
                  00002670    00000004                                   : exit.c.obj (.text:abort:abort)

.const     0    00002674    00000101     
                  00002674    00000101     rtsv7M4_T_le_v4SPD16_eabi.lib : ctype.c.obj (.const:.string:_ctypes_)

.cinit     0    00002778    0000001c     
                  00002778    0000000b     (.cinit..data.load) [load image, compression = lzss]
                  00002783    00000001     --HOLE-- [fill = 0]
                  00002784    00000008     (__TI_handler_table)
                  0000278c    00000008     (__TI_cinit_table)

.init_array 
*          0    00000000    00000000     UNINITIALIZED

.binit     0    00000000    00000000     

.data      0    20000000    00000008     UNINITIALIZED
                  20000000    00000004     rtsv7M4_T_le_v4SPD16_eabi.lib : errno.c.obj (.data)
                  20000004    00000004     system_msp432p401r.obj (.data)

.stack     0    2000fe00    00000200     UNINITIALIZED
                  2000fe00    00000004     rtsv7M4_T_le_v4SPD16_eabi.lib : boot_cortex_m.c.obj (.stack)
                  2000fe04    000001fc     --HOLE--

__llvm_prf_cnts 
*          0    20000000    00000000     UNINITIALIZED

MODULE SUMMARY

       Module                        code   ro data   rw data
       ------                        ----   -------   -------
    ./
       system_msp432p401r.obj        820    0         8      
       startup_msp432p401r_ccs.obj   14     228       0      
       main.obj                      20     0         0      
    +--+-----------------------------+------+---------+---------+
       Total:                        854    228       8      
                                                             
    ./Examples/
       lcd.obj                       600    0         0      
       interrupts.obj                252    0         0      
       timers.obj                    236    0         0      
    +--+-----------------------------+------+---------+---------+
       Total:                        1088   0         0      
                                                             
    /home/ryan/ti/ccs1230/ccs/tools/compiler/ti-cgt-arm_20.2.7.LTS/lib/rtsv7M4_T_le_v4SPD16_eabi.lib
       _printfi.c.obj                4851   0         0      
       fd_add_t2.asm.obj             438    0         0      
       fd_div_t2.asm.obj             310    0         0      
       s_scalbn.c.obj                272    0         0      
       fd_cmp_t2.asm.obj             268    0         0      
       ctype.c.obj                   0      257       0      
       fd_mul_t2.asm.obj             252    0         0      
       memcpy_t2.asm.obj             156    0         0      
       ull_div_t2.asm.obj            150    0         0      
       memset_t2.asm.obj             122    0         0      
       copy_decompress_lzss.c.obj    104    0         0      
       s_frexp.c.obj                 100    0         0      
       sprintf.c.obj                 98     0         0      
       _ltoa.c.obj                   84     0         0      
       atoi.c.obj                    76     0         0      
       fd_toi_t2.asm.obj             72     0         0      
       autoinit.c.obj                68     0         0      
       boot_cortex_m.c.obj           52     0         0      
       i_tofd_t2.asm.obj             46     0         0      
       memccpy.c.obj                 28     0         0      
       s_copysign.c.obj              26     0         0      
       strchr.c.obj                  22     0         0      
       strlen.c.obj                  20     0         0      
       wcslen.c.obj                  18     0         0      
       errno.c.obj                   8      0         8      
       copy_decompress_none.c.obj    14     0         0      
       exit.c.obj                    4      0         0      
       pre_init.c.obj                4      0         0      
       div0.asm.obj                  2      0         0      
    +--+-----------------------------+------+---------+---------+
       Total:                        7665   257       8      
                                                             
       Stack:                        0      0         1024   
       Linker Generated:             0      27        0      
    +--+-----------------------------+------+---------+---------+
       Grand Total:                  9607   512       1040   


LINKER GENERATED COPY TABLES

__TI_cinit_table @ 0000278c records: 1, size/record: 8, table size: 8
	.data: load addr=00002778, load size=0000000b bytes, run addr=20000000, run size=00000008 bytes, compression=lzss


LINKER GENERATED HANDLER TABLE

__TI_handler_table @ 00002784 records: 2, size/record: 4, table size: 8
	index: 0, handler: __TI_decompress_lzss
	index: 1, handler: __TI_decompress_none


GLOBAL SYMBOLS: SORTED ALPHABETICALLY BY Name 

address   name                          
-------   ----                          
00002659  ADC14_IRQHandler              
00002659  AES256_IRQHandler             
00002659  BusFault_Handler              
00002671  C$$EXIT                       
00002659  COMP_E0_IRQHandler            
00002659  COMP_E1_IRQHandler            
00002659  CS_IRQHandler                 
00002659  DMA_ERR_IRQHandler            
00002659  DMA_INT0_IRQHandler           
00002659  DMA_INT1_IRQHandler           
00002659  DMA_INT2_IRQHandler           
00002659  DMA_INT3_IRQHandler           
00002659  DebugMon_Handler              
00002659  Default_Handler               
00002659  EUSCIA0_IRQHandler            
00002659  EUSCIA1_IRQHandler            
00002659  EUSCIA2_IRQHandler            
00002659  EUSCIA3_IRQHandler            
00002659  EUSCIB0_IRQHandler            
00002659  EUSCIB1_IRQHandler            
00002659  EUSCIB2_IRQHandler            
00002659  EUSCIB3_IRQHandler            
00002659  FLCTL_IRQHandler              
00002659  FPU_IRQHandler                
00002659  HardFault_Handler             
00001265  LCD_command                   
0000129f  LCD_data                      
000011ad  LCD_init                      
0000120d  LCD_nibble_write              
00002659  MemManage_Handler             
00002659  NMI_Handler                   
00002659  PCM_IRQHandler                
00001bfb  PORT1_IRQHandler              
00001bfb  PORT1_IRQHandler              
00002659  PORT2_IRQHandler              
00002659  PORT3_IRQHandler              
00002659  PORT4_IRQHandler              
00002659  PORT5_IRQHandler              
00002659  PORT6_IRQHandler              
00002659  PSS_IRQHandler                
00002659  PendSV_Handler                
00002659  RTC_C_IRQHandler              
0000264d  Reset_Handler                 
00002659  SVC_Handler                   
00002659  SysTick_Handler               
20000004  SystemCoreClock               
00000b35  SystemCoreClockUpdate         
00000dad  SystemInit                    
00002659  T32_INT1_IRQHandler           
00002659  T32_INT2_IRQHandler           
00002659  T32_INTC_IRQHandler           
00002659  TA0_0_IRQHandler              
00001df5  TA0_N_IRQHandler              
00001df5  TA0_N_IRQHandler              
00002659  TA1_0_IRQHandler              
00002659  TA1_N_IRQHandler              
00002659  TA2_0_IRQHandler              
00002659  TA2_N_IRQHandler              
00002659  TA3_0_IRQHandler              
00002659  TA3_N_IRQHandler              
00002659  UsageFault_Handler            
4000480c  WDTCTL_SYM                    
00002659  WDT_A_IRQHandler              
20010000  __STACK_END                   
00000200  __STACK_SIZE                  
0000278c  __TI_CINIT_Base               
00002794  __TI_CINIT_Limit              
00002784  __TI_Handler_Table_Base       
0000278c  __TI_Handler_Table_Limit      
00002479  __TI_auto_init_nobinit_nopinit
0000221d  __TI_decompress_lzss          
0000263f  __TI_decompress_none          
0000233f  __TI_ltoa                     
ffffffff  __TI_pprof_out_hndl           
000000e5  __TI_printfi                  
ffffffff  __TI_prof_data_size           
ffffffff  __TI_prof_data_start          
00000000  __TI_static_base__            
00002029  __aeabi_cdcmpeq               
00002029  __aeabi_cdcmple               
000020af  __aeabi_cdrcmple              
00002431  __aeabi_d2iz                  
0000150b  __aeabi_dadd                  
000017f5  __aeabi_ddiv                  
00001c5d  __aeabi_dmul                  
00001501  __aeabi_dsub                  
00002665  __aeabi_errno_addr            
00002571  __aeabi_i2d                   
00000b33  __aeabi_idiv0                 
00000b33  __aeabi_ldiv0                 
00002135  __aeabi_memclr                
00002135  __aeabi_memclr4               
00002135  __aeabi_memclr8               
00001ef7  __aeabi_memcpy                
00001ef7  __aeabi_memcpy4               
00001ef7  __aeabi_memcpy8               
00002137  __aeabi_memset                
00002137  __aeabi_memset4               
00002137  __aeabi_memset8               
00001f93  __aeabi_uldivmod              
ffffffff  __binit__                     
ffffffff  __c_args__                    
UNDEFED   __mpu_init                    
2000fe00  __stack                       
20000000  __start___llvm_prf_cnts       
20000000  __stop___llvm_prf_cnts        
0000253d  _c_int00_noargs               
00002674  _ctypes_                      
UNDEFED   _system_post_cinit            
0000266d  _system_pre_init              
00002671  abort                         
000023e5  atoi                          
ffffffff  binit                         
000025bb  copysign                      
000025bb  copysignl                     
000012c9  delayMs                       
20000000  errno                         
00002285  frexp                         
00002285  frexpl                        
00000000  interruptVectors              
00001b8d  interrupts                    
000010d9  lcd                           
0000117b  lcd_print                     
00001a51  ldexp                         
00001a51  ldexpl                        
00002605  main                          
0000259f  memccpy                       
00001ef7  memcpy                        
0000213d  memset                        
00001a51  scalbn                        
00001a51  scalbnl                       
000024bd  sprintf                       
000025ed  strchr                        
00002619  strlen                        
00001d85  timers                        
0000262d  wcslen                        


GLOBAL SYMBOLS: SORTED BY Symbol Address 

address   name                          
-------   ----                          
00000000  __TI_static_base__            
00000000  interruptVectors              
000000e5  __TI_printfi                  
00000200  __STACK_SIZE                  
00000b33  __aeabi_idiv0                 
00000b33  __aeabi_ldiv0                 
00000b35  SystemCoreClockUpdate         
00000dad  SystemInit                    
000010d9  lcd                           
0000117b  lcd_print                     
000011ad  LCD_init                      
0000120d  LCD_nibble_write              
00001265  LCD_command                   
0000129f  LCD_data                      
000012c9  delayMs                       
00001501  __aeabi_dsub                  
0000150b  __aeabi_dadd                  
000017f5  __aeabi_ddiv                  
00001a51  ldexp                         
00001a51  ldexpl                        
00001a51  scalbn                        
00001a51  scalbnl                       
00001b8d  interrupts                    
00001bfb  PORT1_IRQHandler              
00001bfb  PORT1_IRQHandler              
00001c5d  __aeabi_dmul                  
00001d85  timers                        
00001df5  TA0_N_IRQHandler              
00001df5  TA0_N_IRQHandler              
00001ef7  __aeabi_memcpy                
00001ef7  __aeabi_memcpy4               
00001ef7  __aeabi_memcpy8               
00001ef7  memcpy                        
00001f93  __aeabi_uldivmod              
00002029  __aeabi_cdcmpeq               
00002029  __aeabi_cdcmple               
000020af  __aeabi_cdrcmple              
00002135  __aeabi_memclr                
00002135  __aeabi_memclr4               
00002135  __aeabi_memclr8               
00002137  __aeabi_memset                
00002137  __aeabi_memset4               
00002137  __aeabi_memset8               
0000213d  memset                        
0000221d  __TI_decompress_lzss          
00002285  frexp                         
00002285  frexpl                        
0000233f  __TI_ltoa                     
000023e5  atoi                          
00002431  __aeabi_d2iz                  
00002479  __TI_auto_init_nobinit_nopinit
000024bd  sprintf                       
0000253d  _c_int00_noargs               
00002571  __aeabi_i2d                   
0000259f  memccpy                       
000025bb  copysign                      
000025bb  copysignl                     
000025ed  strchr                        
00002605  main                          
00002619  strlen                        
0000262d  wcslen                        
0000263f  __TI_decompress_none          
0000264d  Reset_Handler                 
00002659  ADC14_IRQHandler              
00002659  AES256_IRQHandler             
00002659  BusFault_Handler              
00002659  COMP_E0_IRQHandler            
00002659  COMP_E1_IRQHandler            
00002659  CS_IRQHandler                 
00002659  DMA_ERR_IRQHandler            
00002659  DMA_INT0_IRQHandler           
00002659  DMA_INT1_IRQHandler           
00002659  DMA_INT2_IRQHandler           
00002659  DMA_INT3_IRQHandler           
00002659  DebugMon_Handler              
00002659  Default_Handler               
00002659  EUSCIA0_IRQHandler            
00002659  EUSCIA1_IRQHandler            
00002659  EUSCIA2_IRQHandler            
00002659  EUSCIA3_IRQHandler            
00002659  EUSCIB0_IRQHandler            
00002659  EUSCIB1_IRQHandler            
00002659  EUSCIB2_IRQHandler            
00002659  EUSCIB3_IRQHandler            
00002659  FLCTL_IRQHandler              
00002659  FPU_IRQHandler                
00002659  HardFault_Handler             
00002659  MemManage_Handler             
00002659  NMI_Handler                   
00002659  PCM_IRQHandler                
00002659  PORT2_IRQHandler              
00002659  PORT3_IRQHandler              
00002659  PORT4_IRQHandler              
00002659  PORT5_IRQHandler              
00002659  PORT6_IRQHandler              
00002659  PSS_IRQHandler                
00002659  PendSV_Handler                
00002659  RTC_C_IRQHandler              
00002659  SVC_Handler                   
00002659  SysTick_Handler               
00002659  T32_INT1_IRQHandler           
00002659  T32_INT2_IRQHandler           
00002659  T32_INTC_IRQHandler           
00002659  TA0_0_IRQHandler              
00002659  TA1_0_IRQHandler              
00002659  TA1_N_IRQHandler              
00002659  TA2_0_IRQHandler              
00002659  TA2_N_IRQHandler              
00002659  TA3_0_IRQHandler              
00002659  TA3_N_IRQHandler              
00002659  UsageFault_Handler            
00002659  WDT_A_IRQHandler              
00002665  __aeabi_errno_addr            
0000266d  _system_pre_init              
00002671  C$$EXIT                       
00002671  abort                         
00002674  _ctypes_                      
00002784  __TI_Handler_Table_Base       
0000278c  __TI_CINIT_Base               
0000278c  __TI_Handler_Table_Limit      
00002794  __TI_CINIT_Limit              
20000000  __start___llvm_prf_cnts       
20000000  __stop___llvm_prf_cnts        
20000000  errno                         
20000004  SystemCoreClock               
2000fe00  __stack                       
20010000  __STACK_END                   
4000480c  WDTCTL_SYM                    
ffffffff  __TI_pprof_out_hndl           
ffffffff  __TI_prof_data_size           
ffffffff  __TI_prof_data_start          
ffffffff  __binit__                     
ffffffff  __c_args__                    
ffffffff  binit                         
UNDEFED   __mpu_init                    
UNDEFED   _system_post_cinit            

[136 symbols]
